// Vitest Snapshot v1, https://vitest.dev/guide/snapshot.html

exports[`VueCompareImage > component mounted 1`] = `undefined`;

exports[`VueCompareImage > should render correctly 1`] = `undefined`;

exports[`VueCompareImage > show skeleton if provided as props 1`] = `undefined`;
